###############################################################################
#
# IAR ELF Linker V7.20.1.7305/W32 for ARM                 12/Nov/2018  21:42:02
# Copyright 2007-2014 IAR Systems AB.
#
#    Output file  =  
#        D:\yv\EIE\X\Razor_Atmel\firmware_ascii\iar_7_20_1\Debug\Exe\eie_ascii-01.out
#    Map file     =  
#        D:\yv\EIE\X\Razor_Atmel\firmware_ascii\iar_7_20_1\Debug\List\eie_ascii-01.map
#    Command line =  
#        D:\yv\EIE\X\Razor_Atmel\firmware_ascii\iar_7_20_1\Debug\Obj\adc12.o
#        D:\yv\EIE\X\Razor_Atmel\firmware_ascii\iar_7_20_1\Debug\Obj\ant.o
#        D:\yv\EIE\X\Razor_Atmel\firmware_ascii\iar_7_20_1\Debug\Obj\ant_api.o
#        D:\yv\EIE\X\Razor_Atmel\firmware_ascii\iar_7_20_1\Debug\Obj\board_cstartup_iar.o
#        D:\yv\EIE\X\Razor_Atmel\firmware_ascii\iar_7_20_1\Debug\Obj\buttons.o
#        D:\yv\EIE\X\Razor_Atmel\firmware_ascii\iar_7_20_1\Debug\Obj\core_cm3.o
#        D:\yv\EIE\X\Razor_Atmel\firmware_ascii\iar_7_20_1\Debug\Obj\debug.o
#        D:\yv\EIE\X\Razor_Atmel\firmware_ascii\iar_7_20_1\Debug\Obj\eief1-pcb-01.o
#        D:\yv\EIE\X\Razor_Atmel\firmware_ascii\iar_7_20_1\Debug\Obj\exceptions.o
#        D:\yv\EIE\X\Razor_Atmel\firmware_ascii\iar_7_20_1\Debug\Obj\interrupts.o
#        D:\yv\EIE\X\Razor_Atmel\firmware_ascii\iar_7_20_1\Debug\Obj\lcd_nhd-c0220biz.o
#        D:\yv\EIE\X\Razor_Atmel\firmware_ascii\iar_7_20_1\Debug\Obj\leds.o
#        D:\yv\EIE\X\Razor_Atmel\firmware_ascii\iar_7_20_1\Debug\Obj\main.o
#        D:\yv\EIE\X\Razor_Atmel\firmware_ascii\iar_7_20_1\Debug\Obj\messaging.o
#        D:\yv\EIE\X\Razor_Atmel\firmware_ascii\iar_7_20_1\Debug\Obj\sam3u_i2c.o
#        D:\yv\EIE\X\Razor_Atmel\firmware_ascii\iar_7_20_1\Debug\Obj\sam3u_ssp.o
#        D:\yv\EIE\X\Razor_Atmel\firmware_ascii\iar_7_20_1\Debug\Obj\sam3u_uart.o
#        D:\yv\EIE\X\Razor_Atmel\firmware_ascii\iar_7_20_1\Debug\Obj\sdcard.o
#        D:\yv\EIE\X\Razor_Atmel\firmware_ascii\iar_7_20_1\Debug\Obj\timer.o
#        D:\yv\EIE\X\Razor_Atmel\firmware_ascii\iar_7_20_1\Debug\Obj\user_app1.o
#        D:\yv\EIE\X\Razor_Atmel\firmware_ascii\iar_7_20_1\Debug\Obj\user_app2.o
#        D:\yv\EIE\X\Razor_Atmel\firmware_ascii\iar_7_20_1\Debug\Obj\user_app3.o
#        D:\yv\EIE\X\Razor_Atmel\firmware_ascii\iar_7_20_1\Debug\Obj\utilities.o
#        --redirect _Printf=_PrintfTiny --redirect _Scanf=_ScanfSmallNoMb -o
#        D:\yv\EIE\X\Razor_Atmel\firmware_ascii\iar_7_20_1\Debug\Exe\eie_ascii-01.out
#        --map
#        D:\yv\EIE\X\Razor_Atmel\firmware_ascii\iar_7_20_1\Debug\List\eie_ascii-01.map
#        --log initialization,modules,sections --log_file
#        D:\yv\EIE\X\Razor_Atmel\firmware_ascii\iar_7_20_1\Debug\List\eie_ascii-01.log
#        --config
#        D:\yv\EIE\X\Razor_Atmel\firmware_ascii\iar_7_20_1\..\..\firmware_common\sam3u2-flash.icf
#        --semihosting --entry __iar_program_start --vfe
#
###############################################################################

*******************************************************************************
*** RUNTIME MODEL ATTRIBUTES
***

CppFlavor       = *
__Heap_Handler  = Basic
__SystemLibrary = DLib


*******************************************************************************
*** PLACEMENT SUMMARY
***

"A1":  place at 0x00080000 { ro section .intvec };
"P1":  place in [from 0x00080000 to 0x0009ffff] { ro };
"P2":  place in [from 0x20000000 to 0x20003fff] { rw, block CSTACK };
"P3":  place in [from 0x20080000 to 0x20083fff] { block HEAP };

  Section            Kind        Address    Size  Object
  -------            ----        -------    ----  ------
"A1":                                       0xbc
  .intvec                     0x00080000    0xbc  <Block>
    .intvec          const    0x00080000    0xbc  board_cstartup_iar.o [1]
                            - 0x000800bc    0xbc

"P1":                                     0x568d
  .text              ro code  0x000800bc  0x1282  ant.o [1]
  .text              ro code  0x0008133e    0x3a  exceptions.o [1]
  .text              ro code  0x00081378    0x8c  utilities.o [1]
  .text              ro code  0x00081404    0x76  ABImemcpy_unaligned.o [4]
  .text              ro code  0x0008147a    0x22  zero_init3.o [4]
  .text              ro code  0x0008149c   0x728  debug.o [1]
  .text              ro code  0x00081bc4   0x930  sam3u_ssp.o [1]
  .text              ro code  0x000824f4    0xb0  xxmemxmalloc.o [3]
  .text              ro code  0x000825a4    0x80  xxmemxfree.o [3]
  .text              ro code  0x00082624   0x29c  messaging.o [1]
  .text              ro code  0x000828c0   0x578  sam3u_uart.o [1]
  .text              ro code  0x00082e38   0x310  leds.o [1]
  .text              ro code  0x00083148    0x66  ABImemset.o [4]
  .rodata            const    0x000831ae     0x2  debug.o [1]
  .text              ro code  0x000831b0    0x2c  xgetmemchunk.o [3]
  .text              ro code  0x000831dc   0x7f0  sam3u_i2c.o [1]
  .text              ro code  0x000839cc   0x494  ant_api.o [1]
  .text              ro code  0x00083e60   0x3e4  eief1-pcb-01.o [1]
  .text              ro code  0x00084244   0x278  buttons.o [1]
  .text              ro code  0x000844bc   0x1ce  user_app1.o [1]
  .text              ro code  0x0008468a     0x2  timer.o [1]
  .text              ro code  0x0008468c   0x14e  lcd_nhd-c0220biz.o [1]
  .text              ro code  0x000847dc   0x1c4  interrupts.o [1]
  .text              ro code  0x000849a0   0x1c2  lz77_init.o [4]
  .text              ro code  0x00084b62     0x6  abort.o [3]
  .text              ro code  0x00084b68    0x14  exit.o [5]
  .text              ro code  0x00084b7c   0x152  adc12.o [1]
  .text              ro code  0x00084cd0    0xfe  timer.o [1]
  .text              ro code  0x00084dd0    0xe4  main.o [1]
  .text              ro code  0x00084eb4    0x4e  sdcard.o [1]
  .text              ro code  0x00084f04    0x1a  user_app2.o [1]
  .text              ro code  0x00084f20    0x1a  user_app3.o [1]
  .rodata            const    0x00084f3c    0x50  debug.o [1]
  .rodata            const    0x00084f8c    0x48  debug.o [1]
  .rodata            const    0x00084fd4    0x38  ant_api.o [1]
  .rodata            const    0x0008500c    0x2c  ant.o [1]
  .rodata            const    0x00085038    0x28  ant.o [1]
  .text              ro code  0x00085060    0x28  data_init.o [4]
  .rodata            const    0x00085088    0x24  ant.o [1]
  .rodata            const    0x000850ac    0x24  ant.o [1]
  .rodata            const    0x000850d0    0x24  debug.o [1]
  .rodata            const    0x000850f4    0x24  debug.o [1]
  .rodata            const    0x00085118    0x24  debug.o [1]
  .rodata            const    0x0008513c    0x24  debug.o [1]
  .rodata            const    0x00085160    0x24  debug.o [1]
  .rodata            const    0x00085184    0x24  debug.o [1]
  .rodata            const    0x000851a8    0x24  debug.o [1]
  .rodata            const    0x000851cc    0x24  debug.o [1]
  .rodata            const    0x000851f0    0x24  debug.o [1]
  .iar.init_table    const    0x00085214    0x2c  - Linker created -
  .rodata            const    0x00085240    0x20  ant.o [1]
  .rodata            const    0x00085260    0x20  interrupts.o [1]
  .rodata            const    0x00085280    0x20  sam3u_uart.o [1]
  .rodata            const    0x000852a0    0x1c  adc12.o [1]
  .rodata            const    0x000852bc    0x1c  ant.o [1]
  .rodata            const    0x000852d8    0x1c  debug.o [1]
  .text              ro code  0x000852f4    0x1a  cmain.o [4]
  .text              ro code  0x00085310    0x14  board_cstartup_iar.o [1]
  .text              ro code  0x00085324     0x4  exit.o [3]
  .text              ro code  0x00085328     0xa  cexit.o [4]
  .rodata            const    0x00085334    0x18  ant.o [1]
  .rodata            const    0x0008534c    0x18  ant.o [1]
  .rodata            const    0x00085364    0x18  lcd_nhd-c0220biz.o [1]
  .rodata            const    0x0008537c    0x18  sdcard.o [1]
  .rodata            const    0x00085394    0x18  timer.o [1]
  .rodata            const    0x000853ac    0x14  ant.o [1]
  .rodata            const    0x000853c0    0x14  ant.o [1]
  .rodata            const    0x000853d4    0x14  ant.o [1]
  .rodata            const    0x000853e8    0x14  ant.o [1]
  .rodata            const    0x000853fc    0x14  debug.o [1]
  .rodata            const    0x00085410    0x10  ant.o [1]
  .rodata            const    0x00085420    0x10  ant_api.o [1]
  .rodata            const    0x00085430    0x10  buttons.o [1]
  .rodata            const    0x00085440     0xc  ant.o [1]
  .rodata            const    0x0008544c     0xc  debug.o [1]
  .rodata            const    0x00085458     0xc  debug.o [1]
  .rodata            const    0x00085464     0xc  user_app1.o [1]
  .text              ro code  0x00085470     0xc  cstartup_M.o [4]
  .rodata            const    0x0008547c     0x8  lcd_nhd-c0220biz.o [1]
  .rodata            const    0x00085484     0x4  ant_api.o [1]
  .rodata            const    0x00085488     0x0  zero_init3.o [4]
  .rodata            const    0x00085488     0x0  lz77_init.o [4]
  Initializer bytes  ro data  0x00085488   0x2c1  <for P2 s0>
                            - 0x00085749  0x568d

"P2":                                     0x27c8
  P2 s0                       0x20000000   0x48e  <Init block>
    .data            inited   0x20000000    0x70  leds.o [1]
    .data            inited   0x20000070    0x50  ant.o [1]
    .data            inited   0x200000c0    0x44  debug.o [1]
    .data            inited   0x20000104    0x40  ant.o [1]
    .data            inited   0x20000144    0x40  debug.o [1]
    .data            inited   0x20000184    0x2c  lcd_nhd-c0220biz.o [1]
    .data            inited   0x200001b0    0x2c  leds.o [1]
    .data            inited   0x200001dc    0x28  ant.o [1]
    .data            inited   0x20000204    0x24  user_app1.o [1]
    .data            inited   0x20000228    0x20  ant.o [1]
    .data            inited   0x20000248    0x20  ant.o [1]
    .data            inited   0x20000268    0x20  debug.o [1]
    .data            inited   0x20000288    0x20  eief1-pcb-01.o [1]
    .data            inited   0x200002a8    0x1c  ant_api.o [1]
    .data            inited   0x200002c4    0x18  ant.o [1]
    .data            inited   0x200002dc    0x18  ant.o [1]
    .data            inited   0x200002f4    0x18  ant.o [1]
    .data            inited   0x2000030c    0x18  ant.o [1]
    .data            inited   0x20000324    0x18  debug.o [1]
    .data            inited   0x2000033c    0x18  leds.o [1]
    .data            inited   0x20000354    0x18  sam3u_ssp.o [1]
    .data            inited   0x2000036c    0x18  sam3u_ssp.o [1]
    .data            inited   0x20000384    0x14  ant.o [1]
    .data            inited   0x20000398    0x14  buttons.o [1]
    .data            inited   0x200003ac    0x14  debug.o [1]
    .data            inited   0x200003c0    0x14  user_app1.o [1]
    .data            inited   0x200003d4    0x14  user_app1.o [1]
    .data            inited   0x200003e8    0x10  ant.o [1]
    .data            inited   0x200003f8     0xc  ant.o [1]
    .data            inited   0x20000404     0xc  ant.o [1]
    .data            inited   0x20000410     0x8  ant.o [1]
    .data            inited   0x20000418     0x8  ant.o [1]
    .data            inited   0x20000420     0x8  ant.o [1]
    .data            inited   0x20000428     0x8  ant.o [1]
    .data            inited   0x20000430     0x8  ant.o [1]
    .data            inited   0x20000438     0x8  ant.o [1]
    .data            inited   0x20000440     0x8  ant.o [1]
    .data            inited   0x20000448     0x8  ant.o [1]
    .data            inited   0x20000450     0x8  ant.o [1]
    .data            inited   0x20000458     0x8  buttons.o [1]
    .data            inited   0x20000460     0x8  debug.o [1]
    .data            inited   0x20000468     0x8  user_app1.o [1]
    .data            inited   0x20000470     0x8  utilities.o [1]
    .data            inited   0x20000478     0x8  utilities.o [1]
    .data            inited   0x20000480     0x4  adc12.o [1]
    .data            inited   0x20000484     0x4  debug.o [1]
    .data            inited   0x20000488     0x4  messaging.o [1]
    .data            inited   0x2000048c     0x2  interrupts.o [1]
  .bss               zero     0x20000490   0x900  messaging.o [1]
  .bss               zero     0x20000d90   0x300  messaging.o [1]
  .bss               zero     0x20001090   0x100  ant.o [1]
  .bss               zero     0x20001190   0x100  sam3u_i2c.o [1]
  .bss               zero     0x20001290    0xa0  ant.o [1]
  .bss               zero     0x20001330    0x80  debug.o [1]
  .bss               zero     0x200013b0    0x80  debug.o [1]
  .bss               zero     0x20001430    0x40  debug.o [1]
  .bss               zero     0x20001470    0x38  sam3u_ssp.o [1]
  .bss               zero     0x200014a8    0x38  sam3u_ssp.o [1]
  .bss               zero     0x200014e0    0x38  sam3u_ssp.o [1]
  .bss               zero     0x20001518    0x24  ant.o [1]
  .bss               zero     0x2000153c    0x24  sam3u_uart.o [1]
  .bss               zero     0x20001560    0x24  sam3u_uart.o [1]
  .bss               zero     0x20001584    0x24  sam3u_uart.o [1]
  .bss               zero     0x200015a8    0x24  sam3u_uart.o [1]
  .bss               zero     0x200015cc    0x20  adc12.o [1]
  .bss               zero     0x200015ec    0x14  user_app1.o [1]
  .bss               zero     0x20001600    0x10  buttons.o [1]
  .bss               zero     0x20001610    0x10  buttons.o [1]
  .bss               zero     0x20001620    0x10  sam3u_i2c.o [1]
  .bss               zero     0x20001630     0xc  ant.o [1]
  .bss               zero     0x2000163c     0x8  ant_api.o [1]
  .bss               zero     0x20001644     0x8  ant_api.o [1]
  .bss               zero     0x2000164c     0x8  xxmemxmalloc.o [3]
  .bss               zero     0x20001654     0x4  adc12.o [1]
  .bss               zero     0x20001658     0x4  ant.o [1]
  .bss               zero     0x2000165c     0x4  ant.o [1]
  .bss               zero     0x20001660     0x4  ant.o [1]
  .bss               zero     0x20001664     0x4  ant.o [1]
  .bss               zero     0x20001668     0x4  ant.o [1]
  .bss               zero     0x2000166c     0x4  ant.o [1]
  .bss               zero     0x20001670     0x4  ant.o [1]
  .bss               zero     0x20001674     0x4  ant.o [1]
  .bss               zero     0x20001678     0x4  ant.o [1]
  .bss               zero     0x2000167c     0x4  ant.o [1]
  .bss               zero     0x20001680     0x4  ant.o [1]
  .bss               zero     0x20001684     0x4  ant.o [1]
  .bss               zero     0x20001688     0x4  ant.o [1]
  .bss               zero     0x2000168c     0x4  ant.o [1]
  .bss               zero     0x20001690     0x4  ant.o [1]
  .bss               zero     0x20001694     0x4  ant.o [1]
  .bss               zero     0x20001698     0x4  ant.o [1]
  .bss               zero     0x2000169c     0x4  ant.o [1]
  .bss               zero     0x200016a0     0x4  ant.o [1]
  .bss               zero     0x200016a4     0x4  ant.o [1]
  .bss               zero     0x200016a8     0x4  ant.o [1]
  .bss               zero     0x200016ac     0x4  ant.o [1]
  .bss               zero     0x200016b0     0x4  ant_api.o [1]
  .bss               zero     0x200016b4     0x4  ant_api.o [1]
  .bss               zero     0x200016b8     0x4  ant_api.o [1]
  .bss               zero     0x200016bc     0x4  buttons.o [1]
  .bss               zero     0x200016c0     0x4  buttons.o [1]
  .bss               zero     0x200016c4     0x4  buttons.o [1]
  .bss               zero     0x200016c8     0x4  buttons.o [1]
  .bss               zero     0x200016cc     0x4  buttons.o [1]
  .bss               zero     0x200016d0     0x4  debug.o [1]
  .bss               zero     0x200016d4     0x4  debug.o [1]
  .bss               zero     0x200016d8     0x4  debug.o [1]
  .bss               zero     0x200016dc     0x4  debug.o [1]
  .bss               zero     0x200016e0     0x4  debug.o [1]
  .bss               zero     0x200016e4     0x4  debug.o [1]
  .bss               zero     0x200016e8     0x4  debug.o [1]
  .bss               zero     0x200016ec     0x4  eief1-pcb-01.o [1]
  .bss               zero     0x200016f0     0x4  eief1-pcb-01.o [1]
  .bss               zero     0x200016f4     0x4  eief1-pcb-01.o [1]
  .bss               zero     0x200016f8     0x4  eief1-pcb-01.o [1]
  .bss               zero     0x200016fc     0x4  lcd_nhd-c0220biz.o [1]
  .bss               zero     0x20001700     0x4  lcd_nhd-c0220biz.o [1]
  .bss               zero     0x20001704     0x4  main.o [1]
  .bss               zero     0x20001708     0x4  main.o [1]
  .bss               zero     0x2000170c     0x4  messaging.o [1]
  .bss               zero     0x20001710     0x4  messaging.o [1]
  .bss               zero     0x20001714     0x4  messaging.o [1]
  .bss               zero     0x20001718     0x4  messaging.o [1]
  .bss               zero     0x2000171c     0x4  sam3u_i2c.o [1]
  .bss               zero     0x20001720     0x4  sam3u_i2c.o [1]
  .bss               zero     0x20001724     0x4  sam3u_i2c.o [1]
  .bss               zero     0x20001728     0x4  sam3u_i2c.o [1]
  .bss               zero     0x2000172c     0x4  sam3u_i2c.o [1]
  .bss               zero     0x20001730     0x4  sam3u_i2c.o [1]
  .bss               zero     0x20001734     0x4  sam3u_ssp.o [1]
  .bss               zero     0x20001738     0x4  sam3u_ssp.o [1]
  .bss               zero     0x2000173c     0x4  sam3u_ssp.o [1]
  .bss               zero     0x20001740     0x4  sam3u_ssp.o [1]
  .bss               zero     0x20001744     0x4  sam3u_ssp.o [1]
  .bss               zero     0x20001748     0x4  sam3u_ssp.o [1]
  .bss               zero     0x2000174c     0x4  sam3u_ssp.o [1]
  .bss               zero     0x20001750     0x4  sam3u_ssp.o [1]
  .bss               zero     0x20001754     0x4  sam3u_ssp.o [1]
  .bss               zero     0x20001758     0x4  sam3u_ssp.o [1]
  .bss               zero     0x2000175c     0x4  sam3u_ssp.o [1]
  .bss               zero     0x20001760     0x4  sam3u_ssp.o [1]
  .bss               zero     0x20001764     0x4  sam3u_uart.o [1]
  .bss               zero     0x20001768     0x4  sam3u_uart.o [1]
  .bss               zero     0x2000176c     0x4  sam3u_uart.o [1]
  .bss               zero     0x20001770     0x4  sam3u_uart.o [1]
  .bss               zero     0x20001774     0x4  sam3u_uart.o [1]
  .bss               zero     0x20001778     0x4  sam3u_uart.o [1]
  .bss               zero     0x2000177c     0x4  sam3u_uart.o [1]
  .bss               zero     0x20001780     0x4  sam3u_uart.o [1]
  .bss               zero     0x20001784     0x4  sam3u_uart.o [1]
  .bss               zero     0x20001788     0x4  sam3u_uart.o [1]
  .bss               zero     0x2000178c     0x4  sdcard.o [1]
  .bss               zero     0x20001790     0x4  timer.o [1]
  .bss               zero     0x20001794     0x4  timer.o [1]
  .bss               zero     0x20001798     0x4  timer.o [1]
  .bss               zero     0x2000179c     0x4  user_app1.o [1]
  .bss               zero     0x200017a0     0x4  user_app1.o [1]
  .bss               zero     0x200017a4     0x4  user_app2.o [1]
  .bss               zero     0x200017a8     0x4  user_app3.o [1]
  .bss               zero     0x200017ac     0x4  xgetmemchunk.o [3]
  .bss               zero     0x200017b0     0x2  debug.o [1]
  .bss               zero     0x200017b2     0x2  lcd_nhd-c0220biz.o [1]
  .bss               zero     0x200017b4     0x1  adc12.o [1]
  .bss               zero     0x200017b5     0x1  ant.o [1]
  .bss               zero     0x200017b6     0x1  ant.o [1]
  .bss               zero     0x200017b7     0x1  ant.o [1]
  .bss               zero     0x200017b8     0x1  ant.o [1]
  .bss               zero     0x200017b9     0x1  ant_api.o [1]
  .bss               zero     0x200017ba     0x1  ant_api.o [1]
  .bss               zero     0x200017bb     0x1  ant_api.o [1]
  .bss               zero     0x200017bc     0x1  ant_api.o [1]
  .bss               zero     0x200017bd     0x1  debug.o [1]
  .bss               zero     0x200017be     0x1  debug.o [1]
  .bss               zero     0x200017bf     0x1  debug.o [1]
  .bss               zero     0x200017c0     0x1  messaging.o [1]
  .bss               zero     0x200017c1     0x1  sam3u_i2c.o [1]
  .bss               zero     0x200017c2     0x1  sam3u_i2c.o [1]
  .bss               zero     0x200017c3     0x1  sam3u_i2c.o [1]
  .bss               zero     0x200017c4     0x1  sam3u_uart.o [1]
  CSTACK                      0x200017c8  0x1000  <Block>
    CSTACK           uninit   0x200017c8  0x1000  <Block tail>
                            - 0x200027c8  0x27c8

"P3":                                     0x4000
  HEAP                        0x20080000  0x4000  <Block>
    HEAP             uninit   0x20080000  0x4000  <Block tail>
                            - 0x20084000  0x4000


*******************************************************************************
*** INIT TABLE
***

          Address     Size
          -------     ----
Zero (__iar_zero_init3)
    1 destination range, total size 0x1335:
          0x20000490  0x1335

Copy/lz77 (__iar_lz77_init3)
    1 source range, total size 0x2c1 (60% of destination):
          0x00085488   0x2c1
    1 destination range, total size 0x48e:
          0x20000000   0x48e



*******************************************************************************
*** MODULE SUMMARY
***

    Module                 ro code  ro data  rw data
    ------                 -------  -------  -------
D:\yv\EIE\X\Razor_Atmel\firmware_ascii\iar_7_20_1\Debug\Obj: [1]
    adc12.o                    338       30       41
    ant.o                    4 738      660    1 032
    ant_api.o                1 172       93       60
    board_cstartup_iar.o        20      188
    buttons.o                  632       33       80
    debug.o                  1 832      683      573
    eief1-pcb-01.o             996       20       48
    exceptions.o                58
    interrupts.o               452       34        2
    lcd_nhd-c0220biz.o         334       59       54
    leds.o                     784      108      180
    main.o                     228                 8
    messaging.o                668        2    3 093
    sam3u_i2c.o              2 032               299
    sam3u_ssp.o              2 352       29      264
    sam3u_uart.o             1 400       32      185
    sdcard.o                    78       24        4
    timer.o                    256       24       12
    user_app1.o                462       62      112
    user_app2.o                 26                 4
    user_app3.o                 26                 4
    utilities.o                140       10       16
    ------------------------------------------------
    Total:                  19 024    2 091    6 071

command line: [2]
    ------------------------------------------------
    Total:

dl7M_tln.a: [3]
    abort.o                      6
    exit.o                       4
    xgetmemchunk.o              44                 4
    xxmemxfree.o               128
    xxmemxmalloc.o             176                 8
    ------------------------------------------------
    Total:                     358                12

rt7M_tl.a: [4]
    ABImemcpy_unaligned.o      118
    ABImemset.o                102
    cexit.o                     10
    cmain.o                     26
    cstartup_M.o                12
    data_init.o                 40
    lz77_init.o                450
    zero_init3.o                34
    ------------------------------------------------
    Total:                     792

shb_l.a: [5]
    exit.o                      20
    ------------------------------------------------
    Total:                      20

    Gaps                        12        4        2
    Linker created                       44   20 480
----------------------------------------------------
    Grand Total:            20 206    2 139   26 565


*******************************************************************************
*** ENTRY LIST
***

Entry                      Address   Size  Type      Object
-----                      -------   ----  ----      ------
.intvec$$Base           0x00080000          --   Gb  - Linker created -
.intvec$$Limit          0x000800bc          --   Gb  - Linker created -
?main                   0x000852f5         Code  Gb  cmain.o [4]
ADCC0_IrqHandler        0x00084c27   0x5e  Code  Gb  adc12.o [1]
ADCC1_IrqHandler        0x00081373    0x2  Code  Wk  exceptions.o [1]
Adc12DefaultCallback    0x00084c25    0x2  Code  Gb  adc12.o [1]
Adc12Initialize         0x00084ba5   0x76  Code  Gb  adc12.o [1]
Adc12RunActiveState     0x00084c1b    0xa  Code  Gb  adc12.o [1]
Adc12SM_Idle            0x00084ccd    0x2  Code  Lc  adc12.o [1]
Adc12_StateMachine      0x20001654    0x4  Data  Lc  adc12.o [1]
Adc12_aeChannels        0x20000480    0x4  Data  Lc  adc12.o [1]
Adc12_afCallbacks       0x200015cc   0x20  Data  Lc  adc12.o [1]
Adc12_bAdcAvailable     0x200017b4    0x1  Data  Lc  adc12.o [1]
AddNewMessageStatus     0x00082845   0x34  Code  Lc  messaging.o [1]
AdvanceAntRxBufferCurrentChar
                        0x0008042b   0x28  Code  Lc  ant.o [1]
AdvanceAntRxBufferUnreadMsgPointer
                        0x00080453   0x28  Code  Lc  ant.o [1]
AntAbortMessage         0x000803ff   0x2c  Code  Lc  ant.o [1]
AntApiInitialize        0x00083cf9   0x12  Code  Gb  ant_api.o [1]
AntApiRunActiveState    0x00083d0b    0xa  Code  Gb  ant_api.o [1]
AntApiSM_AssignChannel  0x00083d1d   0xd0  Code  Lc  ant_api.o [1]
AntApiSM_Idle           0x00083d19    0x2  Code  Lc  ant_api.o [1]
AntApi_StateMachine     0x200016b4    0x4  Data  Lc  ant_api.o [1]
AntApi_apu8AntAssignChannel
                        0x200002a8   0x1c  Data  Lc  ant_api.o [1]
AntApi_u32Timeout       0x200016b8    0x4  Data  Lc  ant_api.o [1]
AntAssignChannel        0x000839cd  0x1ea  Code  Gb  ant_api.o [1]
AntCalculateTxChecksum  0x00080a5b   0x24  Code  Gb  ant.o [1]
AntDeQueueApplicationMessage
                        0x00080b45   0x38  Code  Gb  ant.o [1]
AntDeQueueOutgoingMessage
                        0x00081105   0x22  Code  Lc  ant.o [1]
AntExpectResponse       0x00080931   0xd6  Code  Gb  ant.o [1]
AntInitialize           0x0008058b  0x22a  Code  Gb  ant.o [1]
AntOpenChannelNumber    0x00083bb7   0x46  Code  Gb  ant_api.o [1]
AntParseExtendedData    0x0008047b  0x110  Code  Lc  ant.o [1]
AntProcessMessage       0x00080bc5  0x3fc  Code  Lc  ant.o [1]
AntQueueBroadcastMessage
                        0x00083c3f   0x34  Code  Gb  ant_api.o [1]
AntQueueExtendedApplicationMessage
                        0x00081037   0xc6  Code  Lc  ant.o [1]
AntQueueOutgoingMessage
                        0x00080a7f   0xc6  Code  Gb  ant.o [1]
AntRadioStatusChannel   0x00083bfd   0x42  Code  Gb  ant_api.o [1]
AntReadAppMessageBuffer
                        0x00083c73   0x86  Code  Gb  ant_api.o [1]
AntRunActiveState       0x000807b5    0xc  Code  Gb  ant.o [1]
AntRxFlowControlCallback
                        0x00080a21   0x3a  Code  Gb  ant.o [1]
AntRxMessage            0x000801bb  0x244  Code  Lc  ant.o [1]
AntSM_Idle              0x00081135   0x8c  Code  Gb  ant.o [1]
AntSM_NoResponse        0x0008133d    0x2  Code  Gb  ant.o [1]
AntSM_ReceiveMessage    0x000811c1   0x18  Code  Gb  ant.o [1]
AntSM_TransmitMessage   0x000811f9   0x76  Code  Gb  ant.o [1]
AntSrdyPulse            0x00080191   0x2a  Code  Lc  ant.o [1]
AntSyncSerialInitialize
                        0x000800bd   0xd4  Code  Lc  ant.o [1]
AntTickExtended         0x00080fc9   0x6e  Code  Lc  ant.o [1]
AntTxFlowControlCallback
                        0x00080a09   0x16  Code  Gb  ant.o [1]
AntTxMessage            0x000807c1  0x170  Code  Gb  ant.o [1]
Ant_DebugProcessRxMessages
                        0x200016a8    0x4  Data  Lc  ant.o [1]
Ant_DebugQueuedDataMessages
                        0x200016ac    0x4  Data  Lc  ant.o [1]
Ant_DebugRxMessageCounter
                        0x200016a0    0x4  Data  Lc  ant.o [1]
Ant_DebugTotalRxMessages
                        0x200016a4    0x4  Data  Lc  ant.o [1]
Ant_Ssp                 0x20001684    0x4  Data  Lc  ant.o [1]
Ant_au8AntRxBuffer      0x20001090  0x100  Data  Lc  ant.o [1]
Ant_pfnStateMachine     0x20001664    0x4  Data  Lc  ant.o [1]
Ant_psDataOutgoingMsgList
                        0x20001698    0x4  Data  Lc  ant.o [1]
Ant_pu8AntRxBufferCurrentChar
                        0x2000168c    0x4  Data  Lc  ant.o [1]
Ant_pu8AntRxBufferNextChar
                        0x20001688    0x4  Data  Lc  ant.o [1]
Ant_pu8AntRxBufferUnreadMsg
                        0x20001690    0x4  Data  Lc  ant.o [1]
Ant_sSspConfig          0x20001518   0x24  Data  Lc  ant.o [1]
Ant_u32ApplicationMessageCount
                        0x20001694    0x4  Data  Lc  ant.o [1]
Ant_u32CurrentTxMessageToken
                        0x20001680    0x4  Data  Lc  ant.o [1]
Ant_u32OutgoingMessageCount
                        0x2000169c    0x4  Data  Lc  ant.o [1]
Ant_u32RxByteCounter    0x20001674    0x4  Data  Lc  ant.o [1]
Ant_u32RxTimeoutCounter
                        0x20001678    0x4  Data  Lc  ant.o [1]
Ant_u32RxTimer          0x20001668    0x4  Data  Lc  ant.o [1]
Ant_u32TxByteCounter    0x20001670    0x4  Data  Lc  ant.o [1]
Ant_u32TxTimer          0x2000166c    0x4  Data  Lc  ant.o [1]
Ant_u32UnexpectedByteCounter
                        0x2000167c    0x4  Data  Lc  ant.o [1]
Ant_u8AntNewRxMessages  0x200017b5    0x1  Data  Lc  ant.o [1]
Ant_u8AntVersion        0x20001630    0xc  Data  Lc  ant.o [1]
Ant_u8SlaveMissedMessageHigh
                        0x200017b6    0x1  Data  Lc  ant.o [1]
Ant_u8SlaveMissedMessageLow
                        0x200017b8    0x1  Data  Lc  ant.o [1]
Ant_u8SlaveMissedMessageMid
                        0x200017b7    0x1  Data  Lc  ant.o [1]
Bsp_u32TimingViolationsCounter
                        0x200016f4    0x4  Data  Lc  eief1-pcb-01.o [1]
BusFault_Handler        0x00081345    0x2  Code  Wk  exceptions.o [1]
ButtonInitialize        0x0008426d   0xb0  Code  Gb  buttons.o [1]
ButtonRunActiveState    0x0008431d    0xa  Code  Gb  buttons.o [1]
ButtonSM_ButtonActive   0x0008436d   0xfc  Code  Lc  buttons.o [1]
ButtonSM_Idle           0x0008434d   0x20  Code  Lc  buttons.o [1]
Button_abNewPress       0x200016cc    0x4  Data  Lc  buttons.o [1]
Button_aeCurrentState   0x200016c4    0x4  Data  Lc  buttons.o [1]
Button_aeNewState       0x200016c8    0x4  Data  Lc  buttons.o [1]
Button_au32ButtonPins   0x00085430   0x10  Data  Lc  buttons.o [1]
Button_au32HoldTimeStart
                        0x20001610   0x10  Data  Lc  buttons.o [1]
Button_pfnStateMachine  0x200016c0    0x4  Data  Lc  buttons.o [1]
Buttons_asArray         0x20000458    0x8  Data  Lc  buttons.o [1]
CSTACK$$Base            0x200017c8          --   Gb  - Linker created -
CSTACK$$Limit           0x200027c8          --   Gb  - Linker created -
ClockSetup              0x00083e61   0x80  Code  Gb  eief1-pcb-01.o [1]
DBGU_IrqHandler         0x00082bbd   0x1e  Code  Gb  sam3u_uart.o [1]
DeQueueMessage          0x00082757   0x56  Code  Gb  messaging.o [1]
DebugCommandDummy       0x0008178f   0x1a  Code  Lc  debug.o [1]
DebugCommandLedTestToggle
                        0x000817a9   0x86  Code  Lc  debug.o [1]
DebugCommandPrepareList
                        0x000816f1   0x9e  Code  Lc  debug.o [1]
DebugCommandSysTimeToggle
                        0x00081895   0x48  Code  Lc  debug.o [1]
DebugInitialize         0x00081601   0xbc  Code  Gb  debug.o [1]
DebugLedTestCharacter   0x0008182f   0x66  Code  Lc  debug.o [1]
DebugLineFeed           0x000814c1   0x1c  Code  Gb  debug.o [1]
DebugMon_Handler        0x0008134b    0x2  Code  Wk  exceptions.o [1]
DebugPrintNumber        0x000814dd   0xb0  Code  Gb  debug.o [1]
DebugPrintf             0x0008149d   0x24  Code  Gb  debug.o [1]
DebugRunActiveState     0x000816bd    0xc  Code  Gb  debug.o [1]
DebugRxCallback         0x000816c9   0x28  Code  Gb  debug.o [1]
DebugSM_CheckCmd        0x00081a35   0xb2  Code  Lc  debug.o [1]
DebugSM_Error           0x00081b01   0x34  Code  Lc  debug.o [1]
DebugSM_Idle            0x000818dd  0x158  Code  Lc  debug.o [1]
DebugSM_ProcessCmd      0x00081ae9   0x18  Code  Lc  debug.o [1]
Debug_Uart              0x200016d8    0x4  Data  Lc  debug.o [1]
Debug_au8CommandBuffer  0x20001430   0x40  Data  Lc  debug.o [1]
Debug_au8Commands       0x20000144   0x40  Data  Gb  debug.o [1]
Debug_au8RxBuffer       0x200013b0   0x80  Data  Lc  debug.o [1]
Debug_au8StartupMsg     0x200000c0   0x44  Data  Lc  debug.o [1]
Debug_pfnStateMachine   0x200016d4    0x4  Data  Lc  debug.o [1]
Debug_pu8CmdBufferNextChar
                        0x200016e8    0x4  Data  Lc  debug.o [1]
Debug_pu8RxBufferNextChar
                        0x200016e0    0x4  Data  Lc  debug.o [1]
Debug_pu8RxBufferParser
                        0x200016e4    0x4  Data  Lc  debug.o [1]
Debug_u16CommandSize    0x200017b0    0x2  Data  Lc  debug.o [1]
Debug_u32CurrentMessageToken
                        0x200016dc    0x4  Data  Lc  debug.o [1]
Debug_u8Command         0x200017bf    0x1  Data  Lc  debug.o [1]
Debug_u8ErrorCode       0x200017be    0x1  Data  Lc  debug.o [1]
EFC0_IrqHandler         0x0008135b    0x2  Code  Wk  exceptions.o [1]
EFC1_IrqHandler         0x0008135d    0x2  Code  Wk  exceptions.o [1]
G_abButtonDebounceActive
                        0x200016bc    0x4  Data  Gb  buttons.o [1]
G_asAntChannelConfiguration
                        0x20001290   0xa0  Data  Gb  ant.o [1]
G_au32ButtonDebounceTimeStart
                        0x20001600   0x10  Data  Gb  buttons.o [1]
G_au8ANTGetVersion      0x20000450    0x8  Data  Gb  ant.o [1]
G_au8AntApiCurrentData  0x200003d4   0x14  Data  Gb  user_app1.o [1]
G_au8AntApiCurrentMessageBytes
                        0x2000163c    0x8  Data  Gb  ant_api.o [1]
G_au8AntAssignChannel   0x20000420    0x8  Data  Gb  ant.o [1]
G_au8AntBroadcastDataMessage
                        0x20000404    0xc  Data  Gb  ant.o [1]
G_au8AntLibConfig       0x20000448    0x8  Data  Gb  ant.o [1]
G_au8AntMessageAssign   0x200002c4   0x18  Data  Gb  ant.o [1]
G_au8AntMessageClose    0x200002f4   0x18  Data  Gb  ant.o [1]
G_au8AntMessageFail     0x20000418    0x8  Data  Gb  ant.o [1]
G_au8AntMessageInit     0x2000030c   0x18  Data  Gb  ant.o [1]
G_au8AntMessageInitFail
                        0x20000228   0x20  Data  Gb  ant.o [1]
G_au8AntMessageNoAnt    0x20000104   0x40  Data  Gb  ant.o [1]
G_au8AntMessageOk       0x20000410    0x8  Data  Gb  ant.o [1]
G_au8AntMessageOpen     0x20000384   0x14  Data  Gb  ant.o [1]
G_au8AntMessageUnassign
                        0x200002dc   0x18  Data  Gb  ant.o [1]
G_au8AntMessageUnhandled
                        0x200001dc   0x28  Data  Gb  ant.o [1]
G_au8AntSetChannelID    0x20000428    0x8  Data  Gb  ant.o [1]
G_au8AntSetChannelPeriod
                        0x20000430    0x8  Data  Gb  ant.o [1]
G_au8AntSetChannelPower
                        0x20000440    0x8  Data  Gb  ant.o [1]
G_au8AntSetChannelRFFreq
                        0x20000438    0x8  Data  Gb  ant.o [1]
G_au8AntSetNetworkKey   0x200003f8    0xc  Data  Gb  ant.o [1]
G_au8DebugScanfBuffer   0x20001330   0x80  Data  Gb  debug.o [1]
G_au8MessageOFF         0x20000478    0x8  Data  Gb  utilities.o [1]
G_au8MessageON          0x20000470    0x8  Data  Gb  utilities.o [1]
G_eAntApiCurrentMessageClass
                        0x200017b9    0x1  Data  Gb  ant_api.o [1]
G_sAntApiCurrentMessageExtData
                        0x20001644    0x8  Data  Gb  ant_api.o [1]
G_sAntApplicationMsgList
                        0x20001660    0x4  Data  Gb  ant.o [1]
G_stMessageResponse     0x2000165c    0x4  Data  Gb  ant.o [1]
G_u32AntApiCurrentMessageTimeStamp
                        0x200016b0    0x4  Data  Gb  ant_api.o [1]
G_u32AntFlags           0x20001658    0x4  Data  Gb  ant.o [1]
G_u32ApplicationFlags   0x20001708    0x4  Data  Gb  main.o [1]
G_u32DebugFlags         0x200016d0    0x4  Data  Gb  debug.o [1]
G_u32MessagingFlags     0x2000170c    0x4  Data  Gb  messaging.o [1]
G_u32Ssp1ApplicationFlags
                        0x20001734    0x4  Data  Gb  sam3u_ssp.o [1]
G_u32Ssp2ApplicationFlags
                        0x20001738    0x4  Data  Gb  sam3u_ssp.o [1]
G_u32SystemFlags        0x20001704    0x4  Data  Gb  main.o [1]
G_u32SystemTime1ms      0x200016ec    0x4  Data  Gb  eief1-pcb-01.o [1]
G_u32SystemTime1s       0x200016f0    0x4  Data  Gb  eief1-pcb-01.o [1]
G_u32Uart0ApplicationFlags
                        0x20001768    0x4  Data  Gb  sam3u_uart.o [1]
G_u32UartApplicationFlags
                        0x20001764    0x4  Data  Gb  sam3u_uart.o [1]
G_u8DebugScanfCharCount
                        0x200017bd    0x1  Data  Gb  debug.o [1]
GetButtonBitLocation    0x00084327   0x26  Code  Gb  buttons.o [1]
GpioSetup               0x00083f8b   0xea  Code  Gb  eief1-pcb-01.o [1]
HDMA_IrqHandler         0x00081375    0x2  Code  Wk  exceptions.o [1]
HEAP$$Base              0x20080000          --   Gb  - Linker created -
HEAP$$Limit             0x20084000          --   Gb  - Linker created -
HSMC4_IrqHandler        0x0008135f    0x2  Code  Wk  exceptions.o [1]
HardFault_Handler       0x0008484f   0x34  Code  Gb  interrupts.o [1]
HexToASCIICharLower     0x000813d9   0x28  Code  Gb  utilities.o [1]
HexToASCIICharUpper     0x000813b1   0x28  Code  Gb  utilities.o [1]
InStream_Read           0x000849a1   0x22  Code  Lc  lz77_init.o [4]
InterruptSetup          0x00084805   0x4a  Code  Gb  interrupts.o [1]
IrqHandlerNotUsed       0x0008133f    0x2  Code  Gb  exceptions.o [1]
IsTimeUp                0x00081379   0x38  Code  Gb  utilities.o [1]
LCDCommand              0x0008468d   0x2a  Code  Gb  lcd_nhd-c0220biz.o [1]
LCDMessage              0x000846b7   0x38  Code  Gb  lcd_nhd-c0220biz.o [1]
LcdInitialize           0x000846ef   0xb2  Code  Gb  lcd_nhd-c0220biz.o [1]
LcdRunActiveState       0x000847a1    0xa  Code  Gb  lcd_nhd-c0220biz.o [1]
LcdSM_Idle              0x000847d9    0x2  Code  Gb  lcd_nhd-c0220biz.o [1]
Lcd_StateMachine        0x200016fc    0x4  Data  Lc  lcd_nhd-c0220biz.o [1]
Lcd_u32Timer            0x20001700    0x4  Data  Lc  lcd_nhd-c0220biz.o [1]
LedInitialize           0x00082f0d   0xb8  Code  Gb  leds.o [1]
LedOff                  0x00082e93   0x58  Code  Gb  leds.o [1]
LedOn                   0x00082e39   0x5a  Code  Gb  leds.o [1]
LedToggle               0x00082eeb   0x22  Code  Gb  leds.o [1]
LedUpdate               0x00082fc5  0x162  Code  Gb  leds.o [1]
Led_au32BitPositions    0x200001b0   0x2c  Data  Lc  leds.o [1]
Leds_asLedArray         0x20000000   0x70  Data  Lc  leds.o [1]
MCI0_IrqHandler         0x00081365    0x2  Code  Wk  exceptions.o [1]
MemManage_Handler       0x00081343    0x2  Code  Wk  exceptions.o [1]
MessagingIdle           0x00082879   0x1c  Code  Gb  messaging.o [1]
MessagingInitialize     0x000827ad   0x72  Code  Gb  messaging.o [1]
MessagingRunActiveState
                        0x0008281f    0xa  Code  Gb  messaging.o [1]
Messaging_pfnStateMachine
                        0x20001710    0x4  Data  Lc  messaging.o [1]
Msg_Pool                0x20000490  0x900  Data  Lc  messaging.o [1]
Msg_StatusQueue         0x20000d90  0x300  Data  Lc  messaging.o [1]
Msg_pNextStatus         0x20001718    0x4  Data  Lc  messaging.o [1]
Msg_u32Token            0x20001714    0x4  Data  Lc  messaging.o [1]
Msg_u8QueuedMessageCount
                        0x200017c0    0x1  Data  Lc  messaging.o [1]
NMI_Handler             0x00081341    0x2  Code  Wk  exceptions.o [1]
NVIC_ClearPendingIRQ    0x00084b91   0x14  Code  Lc  adc12.o [1]
NVIC_ClearPendingIRQ    0x00084259   0x14  Code  Lc  buttons.o [1]
NVIC_ClearPendingIRQ    0x000847f1   0x14  Code  Lc  interrupts.o [1]
NVIC_ClearPendingIRQ    0x000831f3   0x16  Code  Lc  sam3u_i2c.o [1]
NVIC_ClearPendingIRQ    0x00081bdb   0x16  Code  Lc  sam3u_ssp.o [1]
NVIC_ClearPendingIRQ    0x000828d7   0x16  Code  Lc  sam3u_uart.o [1]
NVIC_ClearPendingIRQ    0x00084ce5   0x14  Code  Lc  timer.o [1]
NVIC_DisableIRQ         0x000847dd   0x14  Code  Lc  interrupts.o [1]
NVIC_EnableIRQ          0x00084b7d   0x14  Code  Lc  adc12.o [1]
NVIC_EnableIRQ          0x00084245   0x14  Code  Lc  buttons.o [1]
NVIC_EnableIRQ          0x000831dd   0x16  Code  Lc  sam3u_i2c.o [1]
NVIC_EnableIRQ          0x00081bc5   0x16  Code  Lc  sam3u_ssp.o [1]
NVIC_EnableIRQ          0x000828c1   0x16  Code  Lc  sam3u_uart.o [1]
NVIC_EnableIRQ          0x00084cd1   0x14  Code  Lc  timer.o [1]
OutStream_Write         0x000849c3   0x40  Code  Lc  lz77_init.o [4]
PIOA_IrqHandler         0x000848bf   0x54  Code  Gb  interrupts.o [1]
PIOB_IrqHandler         0x00084913   0x54  Code  Gb  interrupts.o [1]
PIOC_IrqHandler         0x00081361    0x2  Code  Wk  exceptions.o [1]
PMC_IrqHandler          0x00081359    0x2  Code  Wk  exceptions.o [1]
PWMSetupAudio           0x00084075   0x5c  Code  Gb  eief1-pcb-01.o [1]
PWM_IrqHandler          0x00081371    0x2  Code  Wk  exceptions.o [1]
PendSV_Handler          0x0008134d    0x2  Code  Wk  exceptions.o [1]
QueryMessageStatus      0x00082625   0x38  Code  Gb  messaging.o [1]
QueueMessage            0x0008265d   0xfa  Code  Gb  messaging.o [1]
RSTC_IrqHandler         0x00081351    0x2  Code  Wk  exceptions.o [1]
RTC_IrqHandler          0x00081353    0x2  Code  Wk  exceptions.o [1]
RTT_IrqHandler          0x00081355    0x2  Code  Wk  exceptions.o [1]
Region$$Table$$Base     0x00085214          --   Gb  - Linker created -
Region$$Table$$Limit    0x00085240          --   Gb  - Linker created -
SD_pfStateMachine       0x2000178c    0x4  Data  Lc  sdcard.o [1]
SPI0_IrqHandler         0x00081369    0x2  Code  Wk  exceptions.o [1]
SSC0_IrqHandler         0x0008136b    0x2  Code  Wk  exceptions.o [1]
SSP_Peripheral0         0x20001470   0x38  Data  Lc  sam3u_ssp.o [1]
SSP_Peripheral1         0x200014a8   0x38  Data  Lc  sam3u_ssp.o [1]
SSP_Peripheral2         0x200014e0   0x38  Data  Lc  sam3u_ssp.o [1]
SSP_psCurrentISR        0x2000174c    0x4  Data  Lc  sam3u_ssp.o [1]
SSP_psCurrentSsp        0x20001748    0x4  Data  Lc  sam3u_ssp.o [1]
SSP_pu32SspApplicationFlagsISR
                        0x20001750    0x4  Data  Lc  sam3u_ssp.o [1]
SSP_u32AntCounter       0x2000175c    0x4  Data  Lc  sam3u_ssp.o [1]
SSP_u32Flags            0x20001744    0x4  Data  Lc  sam3u_ssp.o [1]
SSP_u32Int1Count        0x20001754    0x4  Data  Lc  sam3u_ssp.o [1]
SSP_u32Int2Count        0x20001758    0x4  Data  Lc  sam3u_ssp.o [1]
SSP_u32RxCounter        0x20001760    0x4  Data  Lc  sam3u_ssp.o [1]
SSP_u32Timer            0x20001740    0x4  Data  Lc  sam3u_ssp.o [1]
SUPC_IrqHandler         0x0008134f    0x2  Code  Wk  exceptions.o [1]
SVC_Handler             0x00081349    0x2  Code  Wk  exceptions.o [1]
SdCardInitialize        0x00084eb5   0x34  Code  Gb  sdcard.o [1]
SdCardRunActiveState    0x00084ee9    0xc  Code  Gb  sdcard.o [1]
SdCardSM_Disabled       0x00084f01    0x2  Code  Lc  sdcard.o [1]
SspGenericHandler       0x00081efd  0x392  Code  Gb  sam3u_ssp.o [1]
SspInitialize           0x00081d69   0xec  Code  Gb  sam3u_ssp.o [1]
SspManualMode           0x00081e61   0x48  Code  Gb  sam3u_ssp.o [1]
SspRequest              0x00081bf1  0x148  Code  Gb  sam3u_ssp.o [1]
SspRunActiveState       0x00081e55    0xc  Code  Gb  sam3u_ssp.o [1]
SspSM_Idle              0x00082291  0x1ee  Code  Gb  sam3u_ssp.o [1]
SspWriteData            0x00081d39   0x30  Code  Gb  sam3u_ssp.o [1]
Ssp_pfnStateMachine     0x2000173c    0x4  Data  Lc  sam3u_ssp.o [1]
SysTickSetup            0x00083ee1   0x22  Code  Gb  eief1-pcb-01.o [1]
SysTick_Handler         0x00084883   0x3c  Code  Gb  interrupts.o [1]
SystemSleep             0x00083f03   0x7a  Code  Gb  eief1-pcb-01.o [1]
SystemStatusReport      0x0008158d   0x74  Code  Gb  debug.o [1]
TC0_IrqHandler          0x0008136d    0x2  Code  Wk  exceptions.o [1]
TC1_IrqHandler          0x00084d65   0x24  Code  Gb  timer.o [1]
TC2_IrqHandler          0x0008136f    0x2  Code  Wk  exceptions.o [1]
TWI0                    0x20001728    0x4  Data  Lc  sam3u_i2c.o [1]
TWI0FillTxBuffer        0x000834c7   0x96  Code  Lc  sam3u_i2c.o [1]
TWI0WriteByte           0x00083209   0xd6  Code  Gb  sam3u_i2c.o [1]
TWI0WriteData           0x000832df   0xda  Code  Gb  sam3u_i2c.o [1]
TWI0_IrqHandler         0x0008359b   0xb8  Code  Gb  sam3u_i2c.o [1]
TWI1_IrqHandler         0x00081367    0x2  Code  Wk  exceptions.o [1]
TWIInitialize           0x000833b9  0x102  Code  Gb  sam3u_i2c.o [1]
TWIManualMode           0x0008355d   0x3e  Code  Lc  sam3u_i2c.o [1]
TWIRunActiveState       0x000834bb    0xc  Code  Gb  sam3u_i2c.o [1]
TWISM_Error             0x000838e5   0x94  Code  Gb  sam3u_i2c.o [1]
TWISM_Idle              0x00083655  0x142  Code  Gb  sam3u_i2c.o [1]
TWISM_Receiving         0x0008386d   0x78  Code  Gb  sam3u_i2c.o [1]
TWISM_Transmitting      0x00083799   0xd2  Code  Gb  sam3u_i2c.o [1]
TWI_MessageBuffer       0x20001190  0x100  Data  Lc  sam3u_i2c.o [1]
TWI_MessageBufferCurIndex
                        0x200017c2    0x1  Data  Lc  sam3u_i2c.o [1]
TWI_MessageBufferNextIndex
                        0x200017c1    0x1  Data  Lc  sam3u_i2c.o [1]
TWI_MessageQueueLength  0x200017c3    0x1  Data  Lc  sam3u_i2c.o [1]
TWI_Peripheral0         0x20001620   0x10  Data  Lc  sam3u_i2c.o [1]
TWI_StateMachine        0x2000171c    0x4  Data  Lc  sam3u_i2c.o [1]
TWI_pu8CurrentTxData    0x20001730    0x4  Data  Lc  sam3u_i2c.o [1]
TWI_u32CurrentBytesRemaining
                        0x2000172c    0x4  Data  Lc  sam3u_i2c.o [1]
TWI_u32Flags            0x20001724    0x4  Data  Lc  sam3u_i2c.o [1]
TWI_u32Timer            0x20001720    0x4  Data  Lc  sam3u_i2c.o [1]
TimerDefaultCallback    0x0008468b    0x2  Code  Gb  timer.o [1]
TimerInitialize         0x00084cf9   0x62  Code  Gb  timer.o [1]
TimerRunActiveState     0x00084d5b    0xa  Code  Gb  timer.o [1]
TimerSM_Idle            0x00084dcd    0x2  Code  Lc  timer.o [1]
Timer_StateMachine      0x20001790    0x4  Data  Lc  timer.o [1]
Timer_u32Timer1Counter  0x20001798    0x4  Data  Lc  timer.o [1]
UART_Peripheral         0x2000153c   0x24  Data  Lc  sam3u_uart.o [1]
UART_Peripheral0        0x20001560   0x24  Data  Lc  sam3u_uart.o [1]
UART_Peripheral1        0x20001584   0x24  Data  Lc  sam3u_uart.o [1]
UART_Peripheral2        0x200015a8   0x24  Data  Lc  sam3u_uart.o [1]
UART_psCurrentISR       0x2000177c    0x4  Data  Lc  sam3u_uart.o [1]
UART_psCurrentUart      0x20001778    0x4  Data  Lc  sam3u_uart.o [1]
UART_pu32ApplicationFlagsISR
                        0x20001780    0x4  Data  Lc  sam3u_uart.o [1]
UART_u32Flags           0x20001774    0x4  Data  Lc  sam3u_uart.o [1]
UART_u32Int0Count       0x20001788    0x4  Data  Lc  sam3u_uart.o [1]
UART_u32IntCount        0x20001784    0x4  Data  Lc  sam3u_uart.o [1]
UART_u32Timer           0x20001770    0x4  Data  Lc  sam3u_uart.o [1]
UART_u8ActiveUarts      0x200017c4    0x1  Data  Lc  sam3u_uart.o [1]
UDPD_IrqHandler         0x00081377    0x2  Code  Wk  exceptions.o [1]
USART0_IrqHandler       0x00082bdb   0x1e  Code  Gb  sam3u_uart.o [1]
USART1_IrqHandler       0x00081ea9   0x2a  Code  Gb  sam3u_ssp.o [1]
USART2_IrqHandler       0x00081ed3   0x2a  Code  Gb  sam3u_ssp.o [1]
USART3_IrqHandler       0x00081363    0x2  Code  Wk  exceptions.o [1]
UartGenericHandler      0x00082bf9   0xf4  Code  Gb  sam3u_uart.o [1]
UartInitialize          0x00082a81   0xfc  Code  Gb  sam3u_uart.o [1]
UartManualMode          0x00082b87   0x36  Code  Lc  sam3u_uart.o [1]
UartRequest             0x000828ed  0x138  Code  Gb  sam3u_uart.o [1]
UartRunActiveState      0x00082b7d    0xa  Code  Gb  sam3u_uart.o [1]
UartSM_Idle             0x00082cf1   0xd8  Code  Gb  sam3u_uart.o [1]
UartWriteByte           0x00082a25   0x30  Code  Gb  sam3u_uart.o [1]
UartWriteData           0x00082a55   0x2c  Code  Gb  sam3u_uart.o [1]
Uart_pfnStateMachine    0x2000176c    0x4  Data  Lc  sam3u_uart.o [1]
UpdateMessageStatus     0x00082829   0x1c  Code  Gb  messaging.o [1]
UsageFault_Handler      0x00081347    0x2  Code  Wk  exceptions.o [1]
UserApp1Initialize      0x0008459f   0xb0  Code  Gb  user_app1.o [1]
UserApp1RunActiveState  0x0008464f    0xa  Code  Gb  user_app1.o [1]
UserApp1SM_AntChannelAssign
                        0x000844bd   0x38  Code  Lc  user_app1.o [1]
UserApp1SM_Error        0x00084689    0x2  Code  Lc  user_app1.o [1]
UserApp1SM_Idle         0x000844f5   0xaa  Code  Lc  user_app1.o [1]
UserApp1_StateMachine   0x2000179c    0x4  Data  Lc  user_app1.o [1]
UserApp1_au8MessageFail
                        0x20000204   0x24  Data  Lc  user_app1.o [1]
UserApp1_sChannelInfo   0x200015ec   0x14  Data  Lc  user_app1.o [1]
UserApp1_u32Timeout     0x200017a0    0x4  Data  Lc  user_app1.o [1]
UserApp2Initialize      0x00084f05    0xa  Code  Gb  user_app2.o [1]
UserApp2RunActiveState  0x00084f0f    0xa  Code  Gb  user_app2.o [1]
UserApp2SM_Idle         0x00084f1d    0x2  Code  Lc  user_app2.o [1]
UserApp2_StateMachine   0x200017a4    0x4  Data  Lc  user_app2.o [1]
UserApp3Initialize      0x00084f21    0xa  Code  Gb  user_app3.o [1]
UserApp3RunActiveState  0x00084f2b    0xa  Code  Gb  user_app3.o [1]
UserApp3SM_Idle         0x00084f39    0x2  Code  Lc  user_app3.o [1]
UserApp3_StateMachine   0x200017a8    0x4  Data  Lc  user_app3.o [1]
WDT_IrqHandler          0x00081357    0x2  Code  Wk  exceptions.o [1]
WatchDogSetup           0x00083f7d    0xe  Code  Gb  eief1-pcb-01.o [1]
__ICFEDIT_intvec_start__ {Abs}
                        0x00080000          --   Gb  command line/config [2]
__aeabi_memset          0x00083149         Code  Gb  ABImemset.o [4]
__as_entries_start      0xffffffff          --   Gb  command line/config [2]
__as_table_start        0xffffffff          --   Gb  command line/config [2]
__cmain                 0x000852f5         Code  Gb  cmain.o [4]
__data_Aldata           0x2000164c    0x8  Data  Gb  xxmemxmalloc.o [3]
__data_GetMemChunk      0x000831b1   0x2c  Code  Gb  xgetmemchunk.o [3]
__exit                  0x00084b69   0x14  Code  Gb  exit.o [5]
__iar_Memset            0x00083149         Code  Gb  ABImemset.o [4]
__iar_Memset_word       0x00083151         Code  Gb  ABImemset.o [4]
__iar_data_init3        0x00085061   0x28  Code  Gb  data_init.o [4]
__iar_lz77_init3        0x00084a03  0x160  Code  Gb  lz77_init.o [4]
__iar_program_start     0x00085471         Code  Gb  cstartup_M.o [4]
__iar_unaligned___aeabi_memcpy
                        0x00081405         Code  Gb  ABImemcpy_unaligned.o [4]
__iar_unaligned___aeabi_memcpy4
                        0x00081425         Code  Gb  ABImemcpy_unaligned.o [4]
__iar_unaligned___aeabi_memcpy8
                        0x00081425         Code  Gb  ABImemcpy_unaligned.o [4]
__iar_zero_init3        0x0008147b   0x22  Code  Gb  zero_init3.o [4]
__low_level_init        0x00085311   0x14  Code  Gb  board_cstartup_iar.o [1]
__vector_table          0x00080000   0xbc  Data  Gb  board_cstartup_iar.o [1]
_call_main              0x00085301         Code  Gb  cmain.o [4]
_exit                   0x00085329         Code  Gb  cexit.o [4]
_main                   0x0008530b         Code  Gb  cmain.o [4]
abort                   0x00084b63    0x6  Code  Gb  abort.o [3]
au8DataContent          0x200003c0   0x14  Data  Gb  user_app1.o [1]
exit                    0x00085325    0x4  Code  Gb  exit.o [3]
fpTimer1Callback        0x20001794    0x4  Data  Lc  timer.o [1]
free                    0x000825a5   0x7a  Code  Gb  xxmemxfree.o [3]
main                    0x00084dd1   0xe4  Code  Gb  main.o [1]
malloc                  0x000824f5   0xac  Code  Gb  xxmemxmalloc.o [3]


[1] = D:\yv\EIE\X\Razor_Atmel\firmware_ascii\iar_7_20_1\Debug\Obj
[2] = command line
[3] = dl7M_tln.a
[4] = rt7M_tl.a
[5] = shb_l.a

  20 206 bytes of readonly  code memory
   2 139 bytes of readonly  data memory
  26 565 bytes of readwrite data memory

Errors: none
Warnings: none
